Archive member included because of file (symbol)

d:/programas/atmel toolchain/avr8 gcc/native/3.4.1061/avr8-gnu-toolchain/bin/../lib/gcc/avr/4.8.1/../../../../avr/lib/avr51\libm.a(addsf3.o)
                              libs/ntc/ntc.o (__subsf3)
d:/programas/atmel toolchain/avr8 gcc/native/3.4.1061/avr8-gnu-toolchain/bin/../lib/gcc/avr/4.8.1/../../../../avr/lib/avr51\libm.a(addsf3x.o)
                              d:/programas/atmel toolchain/avr8 gcc/native/3.4.1061/avr8-gnu-toolchain/bin/../lib/gcc/avr/4.8.1/../../../../avr/lib/avr51\libm.a(addsf3.o) (__addsf3x)
d:/programas/atmel toolchain/avr8 gcc/native/3.4.1061/avr8-gnu-toolchain/bin/../lib/gcc/avr/4.8.1/../../../../avr/lib/avr51\libm.a(divsf3.o)
                              libs/ntc/ntc.o (__divsf3)
d:/programas/atmel toolchain/avr8 gcc/native/3.4.1061/avr8-gnu-toolchain/bin/../lib/gcc/avr/4.8.1/../../../../avr/lib/avr51\libm.a(divsf3x.o)
                              d:/programas/atmel toolchain/avr8 gcc/native/3.4.1061/avr8-gnu-toolchain/bin/../lib/gcc/avr/4.8.1/../../../../avr/lib/avr51\libm.a(divsf3.o) (__divsf3x)
d:/programas/atmel toolchain/avr8 gcc/native/3.4.1061/avr8-gnu-toolchain/bin/../lib/gcc/avr/4.8.1/../../../../avr/lib/avr51\libm.a(exp.o)
                              libs/sht2x/sht2x.o (exp)
d:/programas/atmel toolchain/avr8 gcc/native/3.4.1061/avr8-gnu-toolchain/bin/../lib/gcc/avr/4.8.1/../../../../avr/lib/avr51\libm.a(fixsfsi.o)
                              libs/pid/pid.o (__fixsfsi)
d:/programas/atmel toolchain/avr8 gcc/native/3.4.1061/avr8-gnu-toolchain/bin/../lib/gcc/avr/4.8.1/../../../../avr/lib/avr51\libm.a(fixunssfsi.o)
                              libs/sht2x/sht2x.o (__fixunssfsi)
d:/programas/atmel toolchain/avr8 gcc/native/3.4.1061/avr8-gnu-toolchain/bin/../lib/gcc/avr/4.8.1/../../../../avr/lib/avr51\libm.a(floatsisf.o)
                              libs/sht2x/sht2x.o (__floatunsisf)
d:/programas/atmel toolchain/avr8 gcc/native/3.4.1061/avr8-gnu-toolchain/bin/../lib/gcc/avr/4.8.1/../../../../avr/lib/avr51\libm.a(fp_inf.o)
                              d:/programas/atmel toolchain/avr8 gcc/native/3.4.1061/avr8-gnu-toolchain/bin/../lib/gcc/avr/4.8.1/../../../../avr/lib/avr51\libm.a(addsf3x.o) (__fp_inf)
d:/programas/atmel toolchain/avr8 gcc/native/3.4.1061/avr8-gnu-toolchain/bin/../lib/gcc/avr/4.8.1/../../../../avr/lib/avr51\libm.a(fp_nan.o)
                              d:/programas/atmel toolchain/avr8 gcc/native/3.4.1061/avr8-gnu-toolchain/bin/../lib/gcc/avr/4.8.1/../../../../avr/lib/avr51\libm.a(addsf3x.o) (__fp_nan)
d:/programas/atmel toolchain/avr8 gcc/native/3.4.1061/avr8-gnu-toolchain/bin/../lib/gcc/avr/4.8.1/../../../../avr/lib/avr51\libm.a(fp_powser.o)
                              d:/programas/atmel toolchain/avr8 gcc/native/3.4.1061/avr8-gnu-toolchain/bin/../lib/gcc/avr/4.8.1/../../../../avr/lib/avr51\libm.a(exp.o) (__fp_powser)
d:/programas/atmel toolchain/avr8 gcc/native/3.4.1061/avr8-gnu-toolchain/bin/../lib/gcc/avr/4.8.1/../../../../avr/lib/avr51\libm.a(fp_pscA.o)
                              d:/programas/atmel toolchain/avr8 gcc/native/3.4.1061/avr8-gnu-toolchain/bin/../lib/gcc/avr/4.8.1/../../../../avr/lib/avr51\libm.a(addsf3x.o) (__fp_pscA)
d:/programas/atmel toolchain/avr8 gcc/native/3.4.1061/avr8-gnu-toolchain/bin/../lib/gcc/avr/4.8.1/../../../../avr/lib/avr51\libm.a(fp_pscB.o)
                              d:/programas/atmel toolchain/avr8 gcc/native/3.4.1061/avr8-gnu-toolchain/bin/../lib/gcc/avr/4.8.1/../../../../avr/lib/avr51\libm.a(addsf3x.o) (__fp_pscB)
d:/programas/atmel toolchain/avr8 gcc/native/3.4.1061/avr8-gnu-toolchain/bin/../lib/gcc/avr/4.8.1/../../../../avr/lib/avr51\libm.a(fp_round.o)
                              d:/programas/atmel toolchain/avr8 gcc/native/3.4.1061/avr8-gnu-toolchain/bin/../lib/gcc/avr/4.8.1/../../../../avr/lib/avr51\libm.a(addsf3.o) (__fp_round)
d:/programas/atmel toolchain/avr8 gcc/native/3.4.1061/avr8-gnu-toolchain/bin/../lib/gcc/avr/4.8.1/../../../../avr/lib/avr51\libm.a(fp_split3.o)
                              d:/programas/atmel toolchain/avr8 gcc/native/3.4.1061/avr8-gnu-toolchain/bin/../lib/gcc/avr/4.8.1/../../../../avr/lib/avr51\libm.a(addsf3x.o) (__fp_split3)
d:/programas/atmel toolchain/avr8 gcc/native/3.4.1061/avr8-gnu-toolchain/bin/../lib/gcc/avr/4.8.1/../../../../avr/lib/avr51\libm.a(fp_zero.o)
                              d:/programas/atmel toolchain/avr8 gcc/native/3.4.1061/avr8-gnu-toolchain/bin/../lib/gcc/avr/4.8.1/../../../../avr/lib/avr51\libm.a(addsf3x.o) (__fp_zero)
d:/programas/atmel toolchain/avr8 gcc/native/3.4.1061/avr8-gnu-toolchain/bin/../lib/gcc/avr/4.8.1/../../../../avr/lib/avr51\libm.a(inverse.o)
                              d:/programas/atmel toolchain/avr8 gcc/native/3.4.1061/avr8-gnu-toolchain/bin/../lib/gcc/avr/4.8.1/../../../../avr/lib/avr51\libm.a(exp.o) (inverse)
[...]
Memory Configuration

Name             Origin             Length             Attributes
text             0x00000000         0x00020000         xr
data             0x00800100         0x0000ff00         rw !x
eeprom           0x00810000         0x00010000         rw !x
fuse             0x00820000         0x00000400         rw !x
lock             0x00830000         0x00000400         rw !x
signature        0x00840000         0x00000400         rw !x
user_signatures  0x00850000         0x00000400         rw !x
*default*        0x00000000         0xffffffff

Linker script and memory map

Address of section .data set to 0x800100
LOAD d:/programas/atmel toolchain/avr8 gcc/native/3.4.1061/avr8-gnu-toolchain/bin/../lib/gcc/avr/4.8.1/../../../../avr/lib/avr51/crtm128.o
LOAD Guider.o
LOAD libs/adc/adc_analog.o
LOAD libs/ade775x/ade77xx.o
LOAD libs/ds182x/ds1820.o
LOAD libs/ds182x/ds18b20.o
LOAD libs/eeprom/eeprom.o
LOAD libs/i2c/twi.o
LOAD libs/interrupts/interruptvectors.o
LOAD libs/lcds/hd774x.o
LOAD libs/lcds/hdpcf774x.o
LOAD libs/lcds/ili932x.o
LOAD libs/lcds/ks010x.o
LOAD libs/motors/a498x.o
LOAD libs/motors/drv881x.o
LOAD libs/motors/stepper.o
LOAD libs/ntc/ntc.o
LOAD libs/pcf857x/pcf857x.o
LOAD libs/pid/pid.o
LOAD libs/sht1x/sht1x.o
LOAD libs/sht2x/sht2x.o
LOAD libs/spi/my_spi.o
LOAD libs/tsl256x/tsl2561.o
LOAD libs/usart/usart.o
LOAD libs/utils/my_utils.o
START GROUP
LOAD d:/programas/atmel toolchain/avr8 gcc/native/3.4.1061/avr8-gnu-toolchain/bin/../lib/gcc/avr/4.8.1/../../../../avr/lib/avr51\libm.a
END GROUP
START GROUP
LOAD d:/programas/atmel toolchain/avr8 gcc/native/3.4.1061/avr8-gnu-toolchain/bin/../lib/gcc/avr/4.8.1/avr51\libgcc.a
LOAD d:/programas/atmel toolchain/avr8 gcc/native/3.4.1061/avr8-gnu-toolchain/bin/../lib/gcc/avr/4.8.1/../../../../avr/lib/avr51\libm.a
LOAD d:/programas/atmel toolchain/avr8 gcc/native/3.4.1061/avr8-gnu-toolchain/bin/../lib/gcc/avr/4.8.1/../../../../avr/lib/avr51\libc.a
END GROUP

.hash
 *(.hash)

.dynsym
 *(.dynsym)

.dynstr
 *(.dynstr)

.gnu.version
 *(.gnu.version)

.gnu.version_d
 *(.gnu.version_d)

.gnu.version_r
 *(.gnu.version_r)

.rel.init
 *(.rel.init)

.rela.init
 *(.rela.init)

.rel.text
 *(.rel.text)
 *(.rel.text.*)
 *(.rel.gnu.linkonce.t*)

.rela.text
 *(.rela.text)
 *(.rela.text.*)
 *(.rela.gnu.linkonce.t*)

.rel.fini
 *(.rel.fini)

.rela.fini
 *(.rela.fini)

.rel.rodata
 *(.rel.rodata)
 *(.rel.rodata.*)
 *(.rel.gnu.linkonce.r*)

.rela.rodata
 *(.rela.rodata)
 *(.rela.rodata.*)
 *(.rela.gnu.linkonce.r*)

.rel.data
 *(.rel.data)
 *(.rel.data.*)
 *(.rel.gnu.linkonce.d*)

.rela.data
 *(.rela.data)
 *(.rela.data.*)
 *(.rela.gnu.linkonce.d*)

.rel.ctors
 *(.rel.ctors)

.rela.ctors
 *(.rela.ctors)

.rel.dtors
 *(.rel.dtors)

.rela.dtors
 *(.rela.dtors)

.rel.got
 *(.rel.got)

.rela.got
 *(.rela.got)

.rel.bss
 *(.rel.bss)

.rela.bss
 *(.rela.bss)

.rel.plt
 *(.rel.plt)

.rela.plt
 *(.rela.plt)

.text           0x00000000     0x1560
 *(.vectors)
 .vectors       0x00000000       0x8c d:/programas/atmel toolchain/avr8 gcc/native/3.4.1061/avr8-gnu-toolchain/bin/../lib/gcc/avr/4.8.1/../../../../avr/lib/avr51/crtm128.o
                0x00000000                __vector_default
                0x00000000                __vectors
 *(.vectors)
 *(.progmem.gcc*)
                0x0000008c                . = ALIGN (0x2)
                0x0000008c                __trampolines_start = .
 *(.trampolines)
 .trampolines   0x0000008c        0x0 linker stubs
 *(.trampolines*)
                0x0000008c                __trampolines_end = .
 *(.progmem*)
 .progmem.data.LcdCustomChar
                0x0000008c       0x40 libs/lcds/hd774x.o
                0x0000008c                LcdCustomChar
                0x000000cc                . = ALIGN (0x2)
 *(.jumptables)
 *(.jumptables*)
 *(.lowtext)
 *(.lowtext*)
                0x000000cc                __ctors_start = .
 *(.ctors)
                0x000000cc                __ctors_end = .
                0x000000cc                __dtors_start = .
 *(.dtors)
                0x000000cc                __dtors_end = .
 SORT(*)(.ctors)
 SORT(*)(.dtors)
 *(.init0)
 .init0         0x000000cc        0x0 d:/programas/atmel toolchain/avr8 gcc/native/3.4.1061/avr8-gnu-toolchain/bin/../lib/gcc/avr/4.8.1/../../../../avr/lib/avr51/crtm128.o
                0x000000cc                __init
 *(.init0)
 *(.init1)
 *(.init1)
 *(.init2)
 .init2         0x000000cc        0xc d:/programas/atmel toolchain/avr8 gcc/native/3.4.1061/avr8-gnu-toolchain/bin/../lib/gcc/avr/4.8.1/../../../../avr/lib/avr51/crtm128.o
 *(.init2)
 *(.init3)
 *(.init3)
 *(.init4)
 .init4         0x000000d8       0x1a d:/programas/atmel toolchain/avr8 gcc/native/3.4.1061/avr8-gnu-toolchain/bin/../lib/gcc/avr/4.8.1/avr51\libgcc.a(_copy_data.o)
                0x000000d8                __do_copy_data
 .init4         0x000000f2       0x10 d:/programas/atmel toolchain/avr8 gcc/native/3.4.1061/avr8-gnu-toolchain/bin/../lib/gcc/avr/4.8.1/avr51\libgcc.a(_clear_bss.o)
                0x000000f2                __do_clear_bss
 *(.init4)
 *(.init5)
 *(.init5)
 *(.init6)
 *(.init6)
 *(.init7)
 *(.init7)
 *(.init8)
 *(.init8)
 *(.init9)
 .init9         0x00000102        0x6 d:/programas/atmel toolchain/avr8 gcc/native/3.4.1061/avr8-gnu-toolchain/bin/../lib/gcc/avr/4.8.1/../../../../avr/lib/avr51/crtm128.o
 *(.init9)
 *(.text)
                0x00000108                . = ALIGN (0x2)
 *(.text.*)
 .text.schedulerInit
                0x00000108       0x18 Guider.o
                0x00000108                schedulerInit
 .text.configGPIO
                0x00000120       0x10 Guider.o
                0x00000120                configGPIO
 .text.checkLimits
                0x00000130       0x3e Guider.o
                0x00000130                checkLimits
 .text.checkErrorDir
                0x0000016e       0x5a Guider.o
                0x0000016e                checkErrorDir
 .text.decodeStepMode
                0x000001c8       0x26 Guider.o
                0x000001c8                decodeStepMode
 .text.loadDefaultCtrlParameters
                0x000001ee       0x38 Guider.o
                0x000001ee                loadDefaultCtrlParameters
 .text.showLcdSplash
                0x00000226       0x4e Guider.o
                0x00000226                showLcdSplash
 .text.showLcdInitial
                0x00000274       0x1a Guider.o
                0x00000274                showLcdInitial
 .text.updateLcdValues
                0x0000028e       0xf2 Guider.o
                0x0000028e                updateLcdValues
 .text.calibrateMotorPos
                0x00000380      0x1a6 Guider.o
                0x00000380                calibrateMotorPos
 .text.setCenter
                0x00000526       0x9e Guider.o
                0x00000526                setCenter
 .text.main     0x000005c4      0x16a Guider.o
                0x000005c4                main
 .text.ADC_calcPreScaler
                0x0000072e       0x54 libs/adc/adc_analog.o
                0x0000072e                ADC_calcPreScaler
 .text.ADC_init
                0x00000782       0x1e libs/adc/adc_analog.o
                0x00000782                ADC_init
 .text.ADC_readAndWAIT
                0x000007a0       0x1a libs/adc/adc_analog.o
                0x000007a0                ADC_readAndWAIT
 .text.clearBuffer
                0x000007ba       0x16 libs/interrupts/interruptvectors.o
                0x000007ba                clearBuffer
 .text.__vector_1
                0x000007d0       0x14 libs/interrupts/interruptvectors.o
                0x000007d0                __vector_1
 .text.__vector_2
                0x000007e4       0x14 libs/interrupts/interruptvectors.o
                0x000007e4                __vector_2
 .text.__vector_3
                0x000007f8       0x14 libs/interrupts/interruptvectors.o
                0x000007f8                __vector_3
 .text.__vector_4
                0x0000080c       0x14 libs/interrupts/interruptvectors.o
                0x0000080c                __vector_4
 .text.__vector_5
                0x00000820       0x14 libs/interrupts/interruptvectors.o
                0x00000820                __vector_5
 .text.__vector_6
                0x00000834       0x14 libs/interrupts/interruptvectors.o
                0x00000834                __vector_6
 .text.__vector_7
                0x00000848       0x14 libs/interrupts/interruptvectors.o
                0x00000848                __vector_7
 .text.__vector_8
                0x0000085c       0x14 libs/interrupts/interruptvectors.o
                0x0000085c                __vector_8
 .text.__vector_9
                0x00000870       0x14 libs/interrupts/interruptvectors.o
                0x00000870                __vector_9
 .text.__vector_10
                0x00000884       0x14 libs/interrupts/interruptvectors.o
                0x00000884                __vector_10
 .text.__vector_11
                0x00000898       0x14 libs/interrupts/interruptvectors.o
                0x00000898                __vector_11
 .text.__vector_12
                0x000008ac       0x14 libs/interrupts/interruptvectors.o
                0x000008ac                __vector_12
 .text.__vector_13
                0x000008c0       0x14 libs/interrupts/interruptvectors.o
                0x000008c0                __vector_13
 .text.__vector_14
                0x000008d4       0x14 libs/interrupts/interruptvectors.o
                0x000008d4                __vector_14
 .text.__vector_15
                0x000008e8       0xca libs/interrupts/interruptvectors.o
                0x000008e8                __vector_15
 .text.__vector_16
                0x000009b2       0x14 libs/interrupts/interruptvectors.o
                0x000009b2                __vector_16
 .text.__vector_17
                0x000009c6       0x14 libs/interrupts/interruptvectors.o
                0x000009c6                __vector_17
 .text.__vector_18
                0x000009da       0x50 libs/interrupts/interruptvectors.o
                0x000009da                __vector_18
 .text.__vector_19
                0x00000a2a       0x14 libs/interrupts/interruptvectors.o
                0x00000a2a                __vector_19
 .text.__vector_20
                0x00000a3e       0x14 libs/interrupts/interruptvectors.o
                0x00000a3e                __vector_20
 .text.__vector_21
                0x00000a52       0x14 libs/interrupts/interruptvectors.o
                0x00000a52                __vector_21
 .text.__vector_22
                0x00000a66       0x14 libs/interrupts/interruptvectors.o
                0x00000a66                __vector_22
 .text.__vector_23
                0x00000a7a       0x14 libs/interrupts/interruptvectors.o
                0x00000a7a                __vector_23
 .text.__vector_24
                0x00000a8e       0x14 libs/interrupts/interruptvectors.o
                0x00000a8e                __vector_24
 .text.__vector_25
                0x00000aa2       0x14 libs/interrupts/interruptvectors.o
                0x00000aa2                __vector_25
 .text.__vector_26
                0x00000ab6       0x14 libs/interrupts/interruptvectors.o
                0x00000ab6                __vector_26
 .text.__vector_27
                0x00000aca       0x14 libs/interrupts/interruptvectors.o
                0x00000aca                __vector_27
 .text.__vector_28
                0x00000ade       0x14 libs/interrupts/interruptvectors.o
                0x00000ade                __vector_28
 .text.__vector_29
                0x00000af2       0x14 libs/interrupts/interruptvectors.o
                0x00000af2                __vector_29
 .text.__vector_30
                0x00000b06       0x8a libs/interrupts/interruptvectors.o
                0x00000b06                __vector_30
 .text.__vector_31
                0x00000b90       0x14 libs/interrupts/interruptvectors.o
                0x00000b90                __vector_31
 .text.__vector_32
                0x00000ba4       0x14 libs/interrupts/interruptvectors.o
                0x00000ba4                __vector_32
 .text.__vector_33
                0x00000bb8       0x14 libs/interrupts/interruptvectors.o
                0x00000bb8                __vector_33
 .text.__vector_34
                0x00000bcc       0x14 libs/interrupts/interruptvectors.o
                0x00000bcc                __vector_34
 .text.LCD_sendChar
                0x00000be0       0x52 libs/lcds/hd774x.o
                0x00000be0                LCD_sendChar
 .text.LCD_sendCommand
                0x00000c32       0x4a libs/lcds/hd774x.o
                0x00000c32                LCD_sendCommand
 .text.LCD_clr  0x00000c7c        0x6 libs/lcds/hd774x.o
                0x00000c7c                LCD_clr
 .text.LCD_sendString
                0x00000c82       0x3a libs/lcds/hd774x.o
                0x00000c82                LCD_sendString
 .text.LCD_gotoXY
                0x00000cbc       0x1c libs/lcds/hd774x.o
                0x00000cbc                LCD_gotoXY
 .text.LCD_defineChar
                0x00000cd8       0x44 libs/lcds/hd774x.o
                0x00000cd8                LCD_defineChar
 .text.LCD_init
                0x00000d1c       0xaa libs/lcds/hd774x.o
                0x00000d1c                LCD_init
 .text.A498x_initMotorStruct
                0x00000dc6       0x18 libs/motors/a498x.o
                0x00000dc6                A498x_initMotorStruct
 .text.A498x_sendStep
                0x00000dde       0x1e libs/motors/a498x.o
                0x00000dde                A498x_sendStep
 .text.A498x_decodeFunction
                0x00000dfc       0x18 libs/motors/a498x.o
                0x00000dfc                A498x_decodeFunction
 .text.A498x_setOutputPins
                0x00000e14       0x28 libs/motors/a498x.o
                0x00000e14                A498x_setOutputPins
 .text.A498x_updateNextStep
                0x00000e3c       0x24 libs/motors/a498x.o
                0x00000e3c                A498x_updateNextStep
 .text.A498x_moveMotor
                0x00000e60       0x1c libs/motors/a498x.o
                0x00000e60                A498x_moveMotor
 .text.A498x_setNewMotorMode
                0x00000e7c       0x1e libs/motors/a498x.o
                0x00000e7c                A498x_setNewMotorMode
 .text.A498x_setMotorStepMode
                0x00000e9a        0xc libs/motors/a498x.o
                0x00000e9a                A498x_setMotorStepMode
 .text.A498x_setMotorDir
                0x00000ea6        0xe libs/motors/a498x.o
                0x00000ea6                A498x_setMotorDir
 .text.USART1_config
                0x00000eb4       0x12 libs/usart/usart.o
                0x00000eb4                USART1_config
 .text.USART1_sendChar
                0x00000ec6       0x10 libs/usart/usart.o
                0x00000ec6                USART1_sendChar
 .text.USART1_sendStr
                0x00000ed6       0x58 libs/usart/usart.o
                0x00000ed6                USART1_sendStr
 .text.USART1_receiveChar
                0x00000f2e       0x10 libs/usart/usart.o
                0x00000f2e                USART1_receiveChar
 .text.USART0_sendChar
                0x00000f3e        0x8 libs/usart/usart.o
                0x00000f3e                USART0_sendChar
 .text.USART0_receiveChar
                0x00000f46        0x8 libs/usart/usart.o
                0x00000f46                USART0_receiveChar
 .text.libgcc.div
                0x00000f4e       0x28 d:/programas/atmel toolchain/avr8 gcc/native/3.4.1061/avr8-gnu-toolchain/bin/../lib/gcc/avr/4.8.1/avr51\libgcc.a(_udivmodhi4.o)
                0x00000f4e                __udivmodhi4
 .text.libgcc.div
                0x00000f76       0x44 d:/programas/atmel toolchain/avr8 gcc/native/3.4.1061/avr8-gnu-toolchain/bin/../lib/gcc/avr/4.8.1/avr51\libgcc.a(_udivmodsi4.o)
                0x00000f76                __udivmodsi4
 .text.libgcc.mul
                0x00000fba       0x1e d:/programas/atmel toolchain/avr8 gcc/native/3.4.1061/avr8-gnu-toolchain/bin/../lib/gcc/avr/4.8.1/avr51\libgcc.a(_umulhisi3.o)
                0x00000fba                __umulhisi3
 .text.avr-libc
                0x00000fd8       0x5c d:/programas/atmel toolchain/avr8 gcc/native/3.4.1061/avr8-gnu-toolchain/bin/../lib/gcc/avr/4.8.1/../../../../avr/lib/avr51\libc.a(sprintf.o)
                0x00000fd8                sprintf
 .text.avr-libc
                0x00001034      0x3dc d:/programas/atmel toolchain/avr8 gcc/native/3.4.1061/avr8-gnu-toolchain/bin/../lib/gcc/avr/4.8.1/../../../../avr/lib/avr51\libc.a(vfprintf_std.o)
                0x00001034                vfprintf
 .text.avr-libc
                0x00001410       0x16 d:/programas/atmel toolchain/avr8 gcc/native/3.4.1061/avr8-gnu-toolchain/bin/../lib/gcc/avr/4.8.1/../../../../avr/lib/avr51\libc.a(strnlen_P.o)
                0x00001410                strnlen_P
 .text.avr-libc
                0x00001426       0x16 d:/programas/atmel toolchain/avr8 gcc/native/3.4.1061/avr8-gnu-toolchain/bin/../lib/gcc/avr/4.8.1/../../../../avr/lib/avr51\libc.a(strnlen.o)
                0x00001426                strnlen
 .text.avr-libc
                0x0000143c       0x64 d:/programas/atmel toolchain/avr8 gcc/native/3.4.1061/avr8-gnu-toolchain/bin/../lib/gcc/avr/4.8.1/../../../../avr/lib/avr51\libc.a(fputc.o)
                0x0000143c                fputc
 .text.avr-libc
                0x000014a0       0xbc d:/programas/atmel toolchain/avr8 gcc/native/3.4.1061/avr8-gnu-toolchain/bin/../lib/gcc/avr/4.8.1/../../../../avr/lib/avr51\libc.a(ultoa_invert.o)
                0x000014a0                __ultoa_invert
                0x0000155c                . = ALIGN (0x2)
 *(.fini9)
 .fini9         0x0000155c        0x0 d:/programas/atmel toolchain/avr8 gcc/native/3.4.1061/avr8-gnu-toolchain/bin/../lib/gcc/avr/4.8.1/avr51\libgcc.a(_exit.o)
                0x0000155c                _exit
                0x0000155c                exit
 *(.fini9)
 *(.fini8)
 *(.fini8)
 *(.fini7)
 *(.fini7)
 *(.fini6)
 *(.fini6)
 *(.fini5)
 *(.fini5)
 *(.fini4)
 *(.fini4)
 *(.fini3)
 *(.fini3)
 *(.fini2)
 *(.fini2)
 *(.fini1)
 *(.fini1)
 *(.fini0)
 .fini0         0x0000155c        0x4 d:/programas/atmel toolchain/avr8 gcc/native/3.4.1061/avr8-gnu-toolchain/bin/../lib/gcc/avr/4.8.1/avr51\libgcc.a(_exit.o)
 *(.fini0)
                0x00001560                _etext = .

.data           0x00800100       0x98 load address 0x00001560
                0x00800100                PROVIDE (__data_start, .)
 *(.data)
 *(.data*)
 .data.schedulerMaxCount
                0x00800100        0x2 Guider.o
                0x00800100                schedulerMaxCount
 .data.taskLcdPeriod
                0x00800102        0x2 Guider.o
                0x00800102                taskLcdPeriod
 .data.taskControlPeriod
                0x00800104        0x2 Guider.o
                0x00800104                taskControlPeriod
 .data.taskMotorPeriod
                0x00800106        0x2 Guider.o
                0x00800106                taskMotorPeriod
 .data.taskButtonsPeriod
                0x00800108        0x2 Guider.o
                0x00800108                taskButtonsPeriod
 *(.rodata)
 *(.rodata*)
 .rodata.str1.1
                0x0080010a       0x8d Guider.o
 *(.gnu.linkonce.d*)
                0x00800198                . = ALIGN (0x2)
 *fill*         0x00800197        0x1 
                0x00800198                _edata = .
                0x00800198                PROVIDE (__data_end, .)

.bss            0x00800198       0x65
                0x00800198                PROVIDE (__bss_start, .)
 *(.bss)
 *(.bss*)
 .bss.stepCnt   0x00800198        0x4 Guider.o
                0x00800198                stepCnt
 .bss.flagTaskLcd
                0x0080019c        0x1 Guider.o
                0x0080019c                flagTaskLcd
 .bss.flagTaskMotor
                0x0080019d        0x1 Guider.o
                0x0080019d                flagTaskMotor
 .bss.flagTaskButtons
                0x0080019e        0x1 Guider.o
                0x0080019e                flagTaskButtons
 .bss.flagTaskControl
                0x0080019f        0x1 Guider.o
                0x0080019f                flagTaskControl
 .bss.tickCounter.1614
                0x008001a0        0x2 libs/interrupts/interruptvectors.o
 *(COMMON)
 COMMON         0x008001a2       0x27 Guider.o
                0x008001a2                sensorInverted
                0x008001a3                nSensorFail
                0x008001a5                thHigh
                0x008001a7                thSlow
                0x008001a9                eeParamStruct
                0x008001b3                setPoint
                0x008001b5                bufferDummy
 COMMON         0x008001c9       0x34 libs/interrupts/interruptvectors.o
                0x008001c9                flagNewMessage
                0x008001ca                usartBuffer
                0x008001fc                nReceivedBytes
                0x008001fd                PROVIDE (__bss_end, .)
                0x00001560                __data_load_start = LOADADDR (.data)
                0x000015f8                __data_load_end = (__data_load_start + SIZEOF (.data))

.noinit         0x008001fd        0x0
                0x008001fd                PROVIDE (__noinit_start, .)
 *(.noinit*)
                0x008001fd                PROVIDE (__noinit_end, .)
                0x008001fd                _end = .
                0x008001fd                PROVIDE (__heap_start, .)

.eeprom         0x00810000        0xa
 *(.eeprom*)
 .eeprom        0x00810000        0xa Guider.o
                0x00810000                eeParamStruct_eemem
                0x0081000a                __eeprom_end = .

.fuse
 *(.fuse)
 *(.lfuse)
 *(.hfuse)
 *(.efuse)

.lock
 *(.lock*)

.signature
 *(.signature*)

.user_signatures
 *(.user_signatures*)

.stab
 *(.stab)

.stabstr
 *(.stabstr)

.stab.excl
 *(.stab.excl)

.stab.exclstr
 *(.stab.exclstr)

.stab.index
 *(.stab.index)

.stab.indexstr
 *(.stab.indexstr)

.comment        0x00000000       0x5c
 *(.comment)
 .comment       0x00000000       0x30 Guider.o
                                 0x31 (size before relaxing)
 .comment       0x00000000       0x31 libs/adc/adc_analog.o
 .comment       0x00000000       0x31 libs/interrupts/interruptvectors.o
 .comment       0x00000000       0x31 libs/lcds/hd774x.o
 .comment       0x00000000       0x31 libs/motors/a498x.o
 .comment       0x00000000       0x31 libs/usart/usart.o
 .comment       0x00000000       0x31 d:/programas/atmel toolchain/avr8 gcc/native/3.4.1061/avr8-gnu-toolchain/bin/../lib/gcc/avr/4.8.1/../../../../avr/lib/avr51\libc.a(sprintf.o)
 .comment       0x00000030       0x2c d:/programas/atmel toolchain/avr8 gcc/native/3.4.1061/avr8-gnu-toolchain/bin/../lib/gcc/avr/4.8.1/../../../../avr/lib/avr51\libc.a(vfprintf_std.o)
                                 0x2d (size before relaxing)
 .comment       0x00000000       0x31 d:/programas/atmel toolchain/avr8 gcc/native/3.4.1061/avr8-gnu-toolchain/bin/../lib/gcc/avr/4.8.1/../../../../avr/lib/avr51\libc.a(fputc.o)

.note.gnu.build-id
 *(.note.gnu.build-id)

.debug
 *(.debug)

.line
 *(.line)

.debug_srcinfo
 *(.debug_srcinfo)

.debug_sfnames
 *(.debug_sfnames)

.debug_aranges  0x00000000      0x3a8
 *(.debug_aranges)
 .debug_aranges
                0x00000000       0xa0 Guider.o
 .debug_aranges
                0x000000a0       0x58 libs/adc/adc_analog.o
 .debug_aranges
                0x000000f8      0x130 libs/interrupts/interruptvectors.o
 .debug_aranges
                0x00000228       0xb0 libs/lcds/hd774x.o
 .debug_aranges
                0x000002d8       0x78 libs/motors/a498x.o
 .debug_aranges
                0x00000350       0x58 libs/usart/usart.o

.debug_pubnames
 *(.debug_pubnames)

.debug_info     0x00000000     0x2bc4
 *(.debug_info .gnu.linkonce.wi.*)
 .debug_info    0x00000000     0x121d Guider.o
 .debug_info    0x0000121d      0x255 libs/adc/adc_analog.o
 .debug_info    0x00001472      0x537 libs/interrupts/interruptvectors.o
 .debug_info    0x000019a9      0xa31 libs/lcds/hd774x.o
 .debug_info    0x000023da      0x5b5 libs/motors/a498x.o
 .debug_info    0x0000298f      0x235 libs/usart/usart.o

.debug_abbrev   0x00000000      0xb04
 *(.debug_abbrev)
 .debug_abbrev  0x00000000      0x390 Guider.o
 .debug_abbrev  0x00000390      0x128 libs/adc/adc_analog.o
 .debug_abbrev  0x000004b8      0x181 libs/interrupts/interruptvectors.o
 .debug_abbrev  0x00000639      0x20f libs/lcds/hd774x.o
 .debug_abbrev  0x00000848      0x1f4 libs/motors/a498x.o
 .debug_abbrev  0x00000a3c       0xc8 libs/usart/usart.o

.debug_line     0x00000000     0x1903
 *(.debug_line .debug_line.* .debug_line_end)
 .debug_line    0x00000000      0x7c6 Guider.o
 .debug_line    0x000007c6      0x23e libs/adc/adc_analog.o
 .debug_line    0x00000a04      0x4aa libs/interrupts/interruptvectors.o
 .debug_line    0x00000eae      0x56e libs/lcds/hd774x.o
 .debug_line    0x0000141c      0x2e2 libs/motors/a498x.o
 .debug_line    0x000016fe      0x205 libs/usart/usart.o

.debug_frame    0x00000000      0xb08
 *(.debug_frame)
 .debug_frame   0x00000000      0x20c Guider.o
 .debug_frame   0x0000020c       0xb4 libs/adc/adc_analog.o
 .debug_frame   0x000002c0      0x484 libs/interrupts/interruptvectors.o
 .debug_frame   0x00000744      0x1f8 libs/lcds/hd774x.o
 .debug_frame   0x0000093c       0xf8 libs/motors/a498x.o
 .debug_frame   0x00000a34       0xd4 libs/usart/usart.o

.debug_str      0x00000000      0xb54
 *(.debug_str)
 .debug_str     0x00000000      0x5c9 Guider.o
                                0x609 (size before relaxing)
 .debug_str     0x000005c9       0xc2 libs/adc/adc_analog.o
                                0x261 (size before relaxing)
 .debug_str     0x0000068b      0x248 libs/interrupts/interruptvectors.o
                                0x45c (size before relaxing)
 .debug_str     0x000008d3      0x160 libs/lcds/hd774x.o
                                0x365 (size before relaxing)
 .debug_str     0x00000a33       0xdb libs/motors/a498x.o
                                0x3cc (size before relaxing)
 .debug_str     0x00000b0e       0x46 libs/usart/usart.o
                                0x230 (size before relaxing)

.debug_loc      0x00000000     0x2055
 *(.debug_loc)
 .debug_loc     0x00000000      0x741 Guider.o
 .debug_loc     0x00000741      0x37c libs/adc/adc_analog.o
 .debug_loc     0x00000abd      0x860 libs/interrupts/interruptvectors.o
 .debug_loc     0x0000131d      0x8b9 libs/lcds/hd774x.o
 .debug_loc     0x00001bd6      0x2d5 libs/motors/a498x.o
 .debug_loc     0x00001eab      0x1aa libs/usart/usart.o

.debug_macinfo
 *(.debug_macinfo)

.debug_weaknames
 *(.debug_weaknames)

.debug_funcnames
 *(.debug_funcnames)

.debug_typenames
 *(.debug_typenames)

.debug_varnames
 *(.debug_varnames)

.debug_pubtypes
 *(.debug_pubtypes)

.debug_ranges   0x00000000      0x378
 *(.debug_ranges)
 .debug_ranges  0x00000000       0xa8 Guider.o
 .debug_ranges  0x000000a8       0x48 libs/adc/adc_analog.o
 .debug_ranges  0x000000f0      0x120 libs/interrupts/interruptvectors.o
 .debug_ranges  0x00000210       0xb8 libs/lcds/hd774x.o
 .debug_ranges  0x000002c8       0x68 libs/motors/a498x.o
 .debug_ranges  0x00000330       0x48 libs/usart/usart.o

.debug_macro
 *(.debug_macro)
OUTPUT(Guider.elf elf32-avr)
LOAD linker stubs
